// Jest Snapshot v1, https://goo.gl/fbAQLP

exports[`<Error /> default should render an Error element with only the required props 1`] = `
<Box
  alignItems="center"
  backgroundColor="#ff324d"
  boxSize={
    Object {
      "horizontal": "medium",
    }
  }
  pad="small"
  selectable={true}
>
  <styled.p
    color="white"
    paragraphSize="large"
  >
    Mock error message
  </styled.p>
</Box>
`;

exports[`<Error /> default should render an Error element with other props 1`] = `
<Box
  alignItems="center"
  backgroundColor="#ff324d"
  boxSize={
    Object {
      "horizontal": "medium",
    }
  }
  pad="small"
  selectable={true}
>
  <styled.p
    color="white"
    paragraphSize="large"
  >
    Mock error message
  </styled.p>
</Box>
`;
